PASS | lease alice | party agari-user-s…
PASS | lease bob | party agari-user-s…
PASS | seats funded | alice 1000, bob 1000 credits
PASS | listed Window | BTC-1m:10: bell 2026-09-30T10:06:00.000Z, lock 2026-09-30T10:06:50.000Z (79 s to the bell), cash unit 1000
PASS | A placed: alice UP 60¢ x 5 lots | call rc-f8e47a97-21ff-493f-aa4b-c29905fba263, escrow 3 held in the call, expires 2026-09-30T10:06:50.000Z, update 1220bde6221f887fcafcdd8c9c74071ff1ca730137e6b34fea14e24f6edec57d6535
PASS | B placed: alice UP 1¢ x 4 lots (never crosses) | call rc-6a16e0ae-8681-4e81-bca4-b8202bf850f2, escrow 0.04, update 1220cc16508e55c15004fda1260676b761ce3ffd2746746d02262b12659cfefee83f
PASS | C placed: bob DOWN 40¢ x 4 lots | call rc-bb73e746-8588-4f73-b1f6-758cc39ceaf4, escrow 1.6, update 122068ce37259e037d03c077dbbf5d24c9e91c4a147a486215c9ef68e64fd7295fbc
PASS | escrow is held in the calls, not promised | alice's cash 1000 → 996.96 (A 3 + B 0.04 held)
PASS | the venue holds the calls | 3 RestingCall contracts on the ledger (venue view)
PASS | bob cannot cancel alice's call | bob's cancel of rc-f8e47a97-21ff-493f-aa4b-c29905fba263: gone
PASS | bob cannot read alice's resting rows | GET /api/index/wallet/<alice>/resting as bob → 403
PASS | bob reads only his own | 1 row(s): rc-bb73e746-8588-4f73-b1f6-758cc39ceaf4
PASS | C cancelled: the escrow is back as venue credit | 1.6 back, bob's cash 1000 of 1000, update 1220620d70a7bc8fbcc25544f7768ff48c786370b2aa7dccd6bb1b9c0e31b8f3ba0d
waiting 77 s for the bell…
PASS | a call on the started Window is refused | market-not-trading: the Window has started: a call can only rest before the bell
PASS | A filled at exactly the call's price, in part then in full | 3 lots @ 600 ticks, fee 0, update 12207bb6bcf65897cc7c8fe3df2fa71ca9a32727523a9f21cccbf7a30d6708bf362e · 2 lots @ 600 ticks, fee 0, update 1220064431d30f64ed6201299b8d7be75e7161f7e8d772f79d7a451c5b2fcdb17b70
PASS | alice's legs equal a normal accept's: lots x price x cash unit, no fee | 2 leg(s), 5 lots, backing 3 = 5 x 600 x 1000
PASS | the venue holds the opposite side, locked from its own shard | venue Down legs: 5 lots (backing at 400 ticks a lot = 2 for A's 5)
PASS | B unfilled: swept at its expiry, escrow returned as venue credit | status expired, refunded 0.04, alice's cash 997 = start 1000 − A 3, update 12205c769dccd74e072062daf7d22c655f37215ce56ac41493b3bda59e5287746635
PASS | A's row is filled and kept | status filled, 5 placed, 0 remaining
PASS | C's row is cancelled and kept | status cancelled, refunded 1.6
PASS | alice's resting rows over the web (lease-gated) | rc-6a16e=expired (refunded 0.04), rc-f8e47=filled
PASS | alice's inbox says her resting call filled | kinds: resting-filled, resting-filled (one per fill)
PASS | A settles like any leg | settled lost payout 0 (update 12202a9f3afc1f6b703d71e9dcd57b3b90d4cf9db6346fc70d3fcc06c46fb6f7ec7f) · settled lost payout 0 (update 12202a9f3afc1f6b703d71e9dcd57b3b90d4cf9db6346fc70d3fcc06c46fb6f7ec7f); alice's cash 997 → 997 (+ 0)
PASS | no stake was lost or created | start 1000 − A's escrow 3 + payout 0 = 997 = end 997

24/24 checks passed
