PASS | lease alice | party agari-user-s…
PASS | lease bob | party agari-user-s…
PASS | seats funded | alice 1000, bob 1000 credits
PASS | listed Window | BTC-1m:6: bell 2026-09-30T10:02:00.000Z, lock 2026-09-30T10:02:50.000Z (104 s to the bell), cash unit 1000
PASS | A placed: alice UP 60¢ x 5 lots | call rc-d1f11305-40fb-42cf-840a-4c4b56be7eec, escrow 3 held in the call, expires 2026-09-30T10:02:50.000Z, update 12200d638c9a7384b04d21bfb3011c8ce60565268a1a3aa201e3c38d43ba88be74bd
PASS | B placed: alice UP 20¢ x 4 lots (never crosses) | call rc-86664e72-64da-4856-9b9f-836b73b5f3f2, escrow 0.8, update 12202ab96defa3f25c165f91553685075fbe1e3a3e755f628a6b7b0c8daa6b108302
PASS | C placed: bob DOWN 40¢ x 4 lots | call rc-13a5fe2e-6ade-4678-9168-86b9cfc8b104, escrow 1.6, update 1220c70db8bd8c9f6accaa7bdf0304dac5d9651500167ab1e18023e01f8e89cf22c3
PASS | escrow is held in the calls, not promised | alice's cash 1000 → 996.2 (A 3 + B 0.8 held)
PASS | the venue holds the calls | 3 RestingCall contracts on the ledger (venue view)
PASS | bob cannot cancel alice's call | bob's cancel of rc-d1f11305-40fb-42cf-840a-4c4b56be7eec: gone
PASS | bob cannot read alice's resting rows | GET /api/index/wallet/<alice>/resting as bob → 403
FAIL | bob reads only his own | ? row(s): rc-13a5fe2e-6ade-4678-9168-86b9cfc8b104
PASS | C cancelled: the escrow is back as venue credit | 1.6 back, bob's cash 1000 of 1000, update 1220001d1cb9c796cec45fbf6442745a8b132c8853d3f01b162684482f93e6663380
waiting 90 s for the bell…
PASS | a call on the started Window is refused | market-not-trading: the Window has started: a call can only rest before the bell
PASS | A filled at exactly the call's price, in part then in full | 3 lots @ 600 ticks, fee 0, update 1220e1652f7e9997df38cc6f6fe768d43aced97312a57b5618d5f7cb8d140e3b0cc4 · 2 lots @ 600 ticks, fee 0, update 122033d44e6593bdf433201f0f10af67fb37bc3040be41f2932d5fc995a78987017d
PASS | alice's legs equal a normal accept's: lots x price x cash unit, no fee | 2 leg(s), 5 lots, backing 3 = 5 x 600 x 1000
PASS | the venue holds the opposite side, locked from its own shard | venue Down legs: 5 lots (backing at 400 ticks a lot = 2 for A's 5)
FAIL | B unfilled: swept at its expiry, escrow returned as venue credit | status filled, refunded 0, alice's cash 996.2 = start 1000 − A 3, update 12201e47d0584c00f5ef60e5aa283022258dc05a44baf6fa67a86283cc976dccd883
PASS | A's row is filled and kept | status filled, 5 placed, 0 remaining
PASS | C's row is cancelled and kept | status cancelled, refunded 1.6
FAIL | alice's resting rows over the web (lease-gated) | 
PASS | alice's inbox says her resting call filled | kinds: resting-filled, resting-filled, resting-filled, resting-filled
PASS | A settles like any leg | settled won payout 1 (update 1220e3b1544df330f29139a241c2d79b70bba40a263defed781f87891beb8c93a347) · settled won payout 2 (update 1220e3b1544df330f29139a241c2d79b70bba40a263defed781f87891beb8c93a347) · settled won payout 3 (update 1220e3b1544df330f29139a241c2d79b70bba40a263defed781f87891beb8c93a347) · settled won payout 3 (update 1220e3b1544df330f29139a241c2d79b70bba40a263defed781f87891beb8c93a347); alice's cash 996.2 → 1005.2 (+ 9)
FAIL | no stake was lost or created | start 1000 − A's escrow 3 + payout 9 = 1006 = end 1005.2

20/24 checks passed
